// Jest Snapshot v1, https://goo.gl/fbAQLP

exports[`Button Render correctly 1`] = `
<button
  className="sc-bwzfXH hqHnCz"
  color="default"
  disabled={false}
  id="testButton"
  onClick={[Function]}
  size="md"
  type="button"
>
  <span>
    Click here
  </span>
</button>
`;
