// Jest Snapshot v1, https://goo.gl/fbAQLP

exports[`IsLoading Render correctly 1`] = `
<div
  className="sc-bdVaJa OIsdN"
  id="testIsLoading"
>
  <svg
    className="sc-bwzfXH cgppRG"
    color="primary"
    id="testIsLoadingSpinner"
    viewBox="0 0 50 50"
  >
    <circle
      className="path"
      cx="25"
      cy="25"
      fill="none"
      r="20"
      strokeWidth="5"
    />
  </svg>
</div>
`;
